Archive member included to satisfy reference by file (symbol)

/usr/lib/gcc-cross/arm-linux-gnueabihf/4.7/libgcc.a(_udivsi3.o)
                              arch/arm/cpu/armv7/sun50iw1p1/built-in.o (__aeabi_uidiv)
/usr/lib/gcc-cross/arm-linux-gnueabihf/4.7/libgcc.a(_divsi3.o)
                              arch/arm/cpu/armv7/sun50iw1p1/built-in.o (__aeabi_idiv)
/usr/lib/gcc-cross/arm-linux-gnueabihf/4.7/libgcc.a(_lshrdi3.o)
                              fs/built-in.o (__aeabi_llsr)
/usr/lib/gcc-cross/arm-linux-gnueabihf/4.7/libgcc.a(_ashrdi3.o)
                              drivers/built-in.o (__aeabi_lasr)
/usr/lib/gcc-cross/arm-linux-gnueabihf/4.7/libgcc.a(_ashldi3.o)
                              drivers/mmc/built-in.o (__aeabi_llsl)
/usr/lib/gcc-cross/arm-linux-gnueabihf/4.7/libgcc.a(_arm_addsubdf3.o)
                              board/sunxi/cartoon/built-in.o (__aeabi_i2d)
/usr/lib/gcc-cross/arm-linux-gnueabihf/4.7/libgcc.a(_arm_muldivdf3.o)
                              board/sunxi/cartoon/built-in.o (__aeabi_ddiv)
/usr/lib/gcc-cross/arm-linux-gnueabihf/4.7/libgcc.a(_arm_truncdfsf2.o)
                              board/sunxi/cartoon/built-in.o (__aeabi_d2f)
/usr/lib/gcc-cross/arm-linux-gnueabihf/4.7/libgcc.a(_arm_addsubsf3.o)
                              board/sunxi/cartoon/built-in.o (__aeabi_fsub)
/usr/lib/gcc-cross/arm-linux-gnueabihf/4.7/libgcc.a(_arm_muldivsf3.o)
                              board/sunxi/cartoon/built-in.o (__aeabi_fmul)
/usr/lib/gcc-cross/arm-linux-gnueabihf/4.7/libgcc.a(_arm_fixsfsi.o)
                              board/sunxi/cartoon/built-in.o (__aeabi_f2iz)
/usr/lib/gcc-cross/arm-linux-gnueabihf/4.7/libgcc.a(_dvmd_lnx.o)
                              /usr/lib/gcc-cross/arm-linux-gnueabihf/4.7/libgcc.a(_udivsi3.o) (__aeabi_idiv0)

Discarded input sections

 .text          0x0000000000000000        0x0 arch/arm/cpu/armv7/spare_head.o
 .data          0x0000000000000000        0x0 arch/arm/cpu/armv7/spare_head.o
 .bss           0x0000000000000000        0x0 arch/arm/cpu/armv7/spare_head.o
 .text          0x0000000000000000        0x0 arch/arm/cpu/armv7/uboot_hash.o
 .data          0x0000000000000000        0x0 arch/arm/cpu/armv7/uboot_hash.o
 .bss           0x0000000000000000        0x0 arch/arm/cpu/armv7/uboot_hash.o
 .data          0x0000000000000000        0x0 arch/arm/cpu/armv7/start.o
 .bss           0x0000000000000000        0x0 arch/arm/cpu/armv7/start.o
 .text.v7_dcache_inval_range
                0x0000000000000000       0x80 arch/arm/cpu/armv7/built-in.o
 .text.v7_outer_cache_enable
                0x0000000000000000        0x4 arch/arm/cpu/armv7/built-in.o
 .text.v7_outer_cache_inval_all
                0x0000000000000000        0x4 arch/arm/cpu/armv7/built-in.o
 .text.v7_outer_cache_flush_range
                0x0000000000000000        0x4 arch/arm/cpu/armv7/built-in.o
 .text.mmu_page_table_flush
                0x0000000000000000       0x24 arch/arm/cpu/armv7/built-in.o
 .text.v7_outer_cache_inval_range
                0x0000000000000000        0x4 arch/arm/cpu/armv7/built-in.o
 .text.invalidate_dcache_range
                0x0000000000000000       0x3c arch/arm/cpu/armv7/built-in.o
 .text.sdelay   0x0000000000000000        0xc arch/arm/cpu/armv7/built-in.o
 .text.wait_on_value
                0x0000000000000000       0x34 arch/arm/cpu/armv7/built-in.o
 .rodata.__func__.6489
                0x0000000000000000       0x16 arch/arm/cpu/armv7/built-in.o
 .rodata.str1.1
                0x0000000000000000       0x65 arch/arm/cpu/armv7/built-in.o
 .data          0x0000000000000000        0x0 arch/arm/cpu/armv7/built-in.o
 .bss           0x0000000000000000        0x0 arch/arm/cpu/armv7/built-in.o
 .text          0x0000000000000000        0x0 arch/arm/cpu/armv7/sun50iw1p1/built-in.o
 .text.runtime_tick
                0x0000000000000000       0x10 arch/arm/cpu/armv7/sun50iw1p1/built-in.o
 .text.stick_printf
                0x0000000000000000       0x44 arch/arm/cpu/armv7/sun50iw1p1/built-in.o
 .text.tick0_printf
                0x0000000000000000       0x78 arch/arm/cpu/armv7/sun50iw1p1/built-in.o
 .text.disable_caches
                0x0000000000000000       0x10 arch/arm/cpu/armv7/sun50iw1p1/built-in.o
 .text.display_inner
                0x0000000000000000       0x20 arch/arm/cpu/armv7/sun50iw1p1/built-in.o
 .text.sunxi_clear_fel_flag
                0x0000000000000000       0x10 arch/arm/cpu/armv7/sun50iw1p1/built-in.o
 .text.sunxi_set_rtc_flag
                0x0000000000000000        0xc arch/arm/cpu/armv7/sun50iw1p1/built-in.o
 .text.sunxi_set_secure_mode
                0x0000000000000000        0x8 arch/arm/cpu/armv7/sun50iw1p1/built-in.o
 .text.sunxi_get_securemode
                0x0000000000000000        0x8 arch/arm/cpu/armv7/sun50iw1p1/built-in.o
 .text.sid_read_key.constprop.0
                0x0000000000000000       0x58 arch/arm/cpu/armv7/sun50iw1p1/built-in.o
 .text.sid_set_security_mode
[...]
Memory Configuration

Name             Origin             Length             Attributes
*default*        0x0000000000000000 0xffffffffffffffff

Linker script and memory map

                0x000000004a000000                . = 0x4a000000
                0x000000004a000000                . = ALIGN (0x4)

.head           0x000000004a000000      0x600
 *(.__image_copy_start)
 .__image_copy_start
                0x000000004a000000        0x0 arch/arm/lib/built-in.o
                0x000000004a000000                __image_copy_start
 arch/arm/cpu/armv7/spare_head.o(.data*)
 .data.uboot_spare_head
                0x000000004a000000      0x600 arch/arm/cpu/armv7/spare_head.o
                0x000000004a000000                uboot_spare_head

.hash           0x000000004a000600       0x40
 arch/arm/cpu/armv7/uboot_hash.o(.data*)
 .data.uboot_hash_value
                0x000000004a000600       0x40 arch/arm/cpu/armv7/uboot_hash.o
                0x000000004a000600                uboot_hash_value
                0x000000004a000640                . = ALIGN (0x4)

.text           0x000000004a000640    0x72960
 *(.vectors)
 .vectors       0x000000004a000640      0x2c0 arch/arm/lib/built-in.o
                0x000000004a000640                _start
                0x000000004a000660                _reset_vec
                0x000000004a000664                _undefined_instruction
                0x000000004a000668                _software_interrupt
                0x000000004a00066c                _prefetch_abort
                0x000000004a000670                _data_abort
                0x000000004a000674                _not_used
                0x000000004a000678                _irq
                0x000000004a00067c                _fiq
                0x000000004a000680                IRQ_STACK_START_IN
                0x000000004a000684                IRQ_STACK_START
                0x000000004a000688                FIQ_STACK_START
 arch/arm/cpu/armv7/start.o(.text*)
 .text          0x000000004a000900       0xa0 arch/arm/cpu/armv7/start.o
                0x000000004a000900                _TEXT_BASE
                0x000000004a000904                reset
                0x000000004a000944                c_runtime_cpu_setup
                0x000000004a00095c                save_boot_params
                0x000000004a000960                cpu_init_cp15
                0x000000004a000998                cpu_init_crit
 *(.text*)
 .text          0x000000004a0009a0       0x24 arch/arm/cpu/armv7/built-in.o
                0x000000004a0009a0                lowlevel_init
 .text.v7_maint_dcache_all
                0x000000004a0009c4       0xd0 arch/arm/cpu/armv7/built-in.o
 .text.invalidate_icache_all
                0x000000004a000a94       0x18 arch/arm/cpu/armv7/built-in.o
                0x000000004a000a94                invalidate_icache_all
 .text.v7_outer_cache_disable
                0x000000004a000aac        0x4 arch/arm/cpu/armv7/built-in.o
                0x000000004a000aac                v7_outer_cache_disable
 .text.v7_outer_cache_flush_all
                0x000000004a000ab0        0x4 arch/arm/cpu/armv7/built-in.o
                0x000000004a000ab0                v7_outer_cache_flush_all
 .text.flush_dcache_all
                0x000000004a000ab4       0x14 arch/arm/cpu/armv7/built-in.o
                0x000000004a000ab4                flush_dcache_all
 .text.invalidate_dcache_all
                0x000000004a000ac8       0x14 arch/arm/cpu/armv7/built-in.o
                0x000000004a000ac8                invalidate_dcache_all
 .text.arm_init_before_mmu
                0x000000004a000adc       0x28 arch/arm/cpu/armv7/built-in.o
                0x000000004a000adc                arm_init_before_mmu
 .text.flush_dcache_range
                0x000000004a000b04       0x3c arch/arm/cpu/armv7/built-in.o
                0x000000004a000b04                flush_dcache_range
 .text.flush_cache
                0x000000004a000b40        0x8 arch/arm/cpu/armv7/built-in.o
                0x000000004a000b40                flush_cache
 .text.cpu_cache_initialization
                0x000000004a000b48        0x4 arch/arm/cpu/armv7/built-in.o
                0x000000004a000b48                cpu_cache_initialization
 .text.cleanup_before_linux
                0x000000004a000b4c       0x28 arch/arm/cpu/armv7/built-in.o
                0x000000004a000b4c                cleanup_before_linux
 .text.sunxi_clock_get_pll6
                0x000000004a000b74       0x30 arch/arm/cpu/armv7/sun50iw1p1/built-in.o
                0x000000004a000b74                sunxi_clock_get_pll6
 .text.sunxi_clock_get_corepll
                0x000000004a000ba4       0x70 arch/arm/cpu/armv7/sun50iw1p1/built-in.o
                0x000000004a000ba4                sunxi_clock_get_corepll
 .text.sunxi_clock_get_axi
                0x000000004a000c14       0x24 arch/arm/cpu/armv7/sun50iw1p1/built-in.o
                0x000000004a000c14                sunxi_clock_get_axi
 .text.sunxi_clock_get_ahb
                0x000000004a000c38       0x58 arch/arm/cpu/armv7/sun50iw1p1/built-in.o
                0x000000004a000c38                sunxi_clock_get_ahb
 .text.sunxi_clock_get_apb
                0x000000004a000c90       0x28 arch/arm/cpu/armv7/sun50iw1p1/built-in.o
                0x000000004a000c90                sunxi_clock_get_apb
 .text.sunxi_clock_set_ahb2
                0x000000004a000cb8       0x1c arch/arm/cpu/armv7/sun50iw1p1/built-in.o
                0x000000004a000cb8                sunxi_clock_set_ahb2
 .text.sunxi_clock_get_ahb2
                0x000000004a000cd4       0x30 arch/arm/cpu/armv7/sun50iw1p1/built-in.o
                0x000000004a000cd4                sunxi_clock_get_ahb2
 .text.sunxi_clock_get_mbus
                0x000000004a000d04       0x4c arch/arm/cpu/armv7/sun50iw1p1/built-in.o
                0x000000004a000d04                sunxi_clock_get_mbus
 .text.pll_lock_is_new_mode
                0x000000004a000d50       0x14 arch/arm/cpu/armv7/sun50iw1p1/built-in.o
                0x000000004a000d50                pll_lock_is_new_mode
 .text.enable_pll_lock_bit
                0x000000004a000d64       0x18 arch/arm/cpu/armv7/sun50iw1p1/built-in.o
                0x000000004a000d64                enable_pll_lock_bit
 .text.disable_pll_lock_bit
                0x000000004a000d7c       0x18 arch/arm/cpu/armv7/sun50iw1p1/built-in.o
                0x000000004a000d7c                disable_pll_lock_bit
 .text.sunxi_clock_set_corepll
                0x000000004a000d94      0x110 arch/arm/cpu/armv7/sun50iw1p1/built-in.o
                0x000000004a000d94                sunxi_clock_set_corepll
 .text.timerX_callback_default
                0x000000004a000ea4       0x10 arch/arm/cpu/armv7/sun50iw1p1/built-in.o
 .text.timer1_func
                0x000000004a000eb4       0x60 arch/arm/cpu/armv7/sun50iw1p1/built-in.o
                0x000000004a000eb4                timer1_func
 .text.timer0_func
                0x000000004a000f14       0x60 arch/arm/cpu/armv7/sun50iw1p1/built-in.o
                0x000000004a000f14                timer0_func
 .text.get_tbclk
                0x000000004a000f74        0x8 arch/arm/cpu/armv7/sun50iw1p1/built-in.o
                0x000000004a000f74                get_tbclk
 .text.timer_init
                0x000000004a000f7c       0x40 arch/arm/cpu/armv7/sun50iw1p1/built-in.o
                0x000000004a000f7c                timer_init
 .text.timer_exit
                0x000000004a000fbc       0x48 arch/arm/cpu/armv7/sun50iw1p1/built-in.o
                0x000000004a000fbc                timer_exit
 .text.watchdog_disable
                0x000000004a001004       0x14 arch/arm/cpu/armv7/sun50iw1p1/built-in.o
                0x000000004a001004                watchdog_disable
 .text.watchdog_enable
                0x000000004a001018       0x18 arch/arm/cpu/armv7/sun50iw1p1/built-in.o
                0x000000004a001018                watchdog_enable
 .text.get_timer
                0x000000004a001030       0x14 arch/arm/cpu/armv7/sun50iw1p1/built-in.o
                0x000000004a001030                get_timer
 .text.get_timer_masked
                0x000000004a001044       0x10 arch/arm/cpu/armv7/sun50iw1p1/built-in.o
                0x000000004a001044                get_timer_masked
 .text.__usdelay
                0x000000004a001054       0x28 arch/arm/cpu/armv7/sun50iw1p1/built-in.o
                0x000000004a001054                __usdelay
 .text.__msdelay
                0x000000004a00107c       0x20 arch/arm/cpu/armv7/sun50iw1p1/built-in.o
                0x000000004a00107c                __msdelay
 .text.get_ticks
                0x000000004a00109c       0x14 arch/arm/cpu/armv7/sun50iw1p1/built-in.o
                0x000000004a00109c                get_ticks
 .text.init_timer
                0x000000004a0010b0        0x4 arch/arm/cpu/armv7/sun50iw1p1/built-in.o
                0x000000004a0010b0                init_timer
 .text.add_timer
                0x000000004a0010b4      0x11c arch/arm/cpu/armv7/sun50iw1p1/built-in.o
                0x000000004a0010b4                add_timer
 .text.del_timer
                0x000000004a0011d0       0x7c arch/arm/cpu/armv7/sun50iw1p1/built-in.o
                0x000000004a0011d0                del_timer
 .text.s_init   0x000000004a00124c        0x4 arch/arm/cpu/armv7/sun50iw1p1/built-in.o
                0x000000004a00124c                s_init
 .text.reset_cpu
                0x000000004a001250        0xc arch/arm/cpu/armv7/sun50iw1p1/built-in.o
                0x000000004a001250                reset_cpu
 .text.v7_outer_cache_enable
                0x000000004a00125c        0x4 arch/arm/cpu/armv7/sun50iw1p1/built-in.o
                0x000000004a00125c                v7_outer_cache_enable
 .text.v7_outer_cache_inval_all
                0x000000004a001260        0x4 arch/arm/cpu/armv7/sun50iw1p1/built-in.o
                0x000000004a001260                v7_outer_cache_inval_all
 .text.v7_outer_cache_flush_range
                0x000000004a001264        0x4 arch/arm/cpu/armv7/sun50iw1p1/built-in.o
                0x000000004a001264                v7_outer_cache_flush_range
 .text.enable_caches
                0x000000004a001268       0x10 arch/arm/cpu/armv7/sun50iw1p1/built-in.o
                0x000000004a001268                enable_caches
 .text.script_init
                0x000000004a001278        0x8 arch/arm/cpu/armv7/sun50iw1p1/built-in.o
                0x000000004a001278                script_init
 .text.power_source_init
                0x000000004a001280      0x170 arch/arm/cpu/armv7/sun50iw1p1/built-in.o
                0x000000004a001280                power_source_init
 .text.sunxi_set_fel_flag
                0x000000004a0013f0       0x18 arch/arm/cpu/armv7/sun50iw1p1/built-in.o
                0x000000004a0013f0                sunxi_set_fel_flag
 .text.sunxi_probe_securemode
                0x000000004a001408       0x8c arch/arm/cpu/armv7/sun50iw1p1/built-in.o
                0x000000004a001408                sunxi_probe_securemode
 .text.sunxi_probe_secure_monitor
                0x000000004a001494       0x1c arch/arm/cpu/armv7/sun50iw1p1/built-in.o
                0x000000004a001494                sunxi_probe_secure_monitor
 .text.sunxi_board_close_source
                0x000000004a0014b0       0x2c arch/arm/cpu/armv7/sun50iw1p1/built-in.o
                0x000000004a0014b0                sunxi_board_close_source
 .text.sunxi_board_restart
                0x000000004a0014dc       0x40 arch/arm/cpu/armv7/sun50iw1p1/built-in.o
                0x000000004a0014dc                sunxi_board_restart
 .text.sunxi_board_shutdown
                0x000000004a00151c       0x58 arch/arm/cpu/armv7/sun50iw1p1/built-in.o
                0x000000004a00151c                sunxi_board_shutdown
 .text.sunxi_flush_allcaches
                0x000000004a001574       0x14 arch/arm/cpu/armv7/sun50iw1p1/built-in.o
                0x000000004a001574                sunxi_flush_allcaches
 .text.sunxi_board_run_fel
                0x000000004a001588       0x50 arch/arm/cpu/armv7/sun50iw1p1/built-in.o
                0x000000004a001588                sunxi_board_run_fel
 .text.sunxi_board_run_fel_eraly
                0x000000004a0015d8       0x38 arch/arm/cpu/armv7/sun50iw1p1/built-in.o
                0x000000004a0015d8                sunxi_board_run_fel_eraly
 .text.sunxi_key_init
                0x000000004a001610       0x30 arch/arm/cpu/armv7/sun50iw1p1/built-in.o
                0x000000004a001610                sunxi_key_init
 .text.sunxi_key_exit
                0x000000004a001640       0x20 arch/arm/cpu/armv7/sun50iw1p1/built-in.o
                0x000000004a001640                sunxi_key_exit
 .text.sunxi_key_read
                0x000000004a001660       0x98 arch/arm/cpu/armv7/sun50iw1p1/built-in.o
                0x000000004a001660                sunxi_key_read
 .text.do_key_test
                0x000000004a0016f8       0x48 arch/arm/cpu/armv7/sun50iw1p1/built-in.o
                0x000000004a0016f8                do_key_test
 .text.gic_cpuif_init
                0x000000004a001740       0x68 arch/arm/cpu/armv7/sun50iw1p1/built-in.o
 .text.gic_distributor_init
                0x000000004a0017a8       0xf0 arch/arm/cpu/armv7/sun50iw1p1/built-in.o
 .text.default_isr
                0x000000004a001898       0x18 arch/arm/cpu/armv7/sun50iw1p1/built-in.o
 .text.irq_enable
                0x000000004a0018b0       0x78 arch/arm/cpu/armv7/sun50iw1p1/built-in.o
                0x000000004a0018b0                irq_enable
 .text.irq_disable
                0x000000004a001928       0x74 arch/arm/cpu/armv7/sun50iw1p1/built-in.o
                0x000000004a001928                irq_disable
 .text.irq_install_handler
                0x000000004a00199c       0x5c arch/arm/cpu/armv7/sun50iw1p1/built-in.o
                0x000000004a00199c                irq_install_handler
 .text.irq_free_handler
                0x000000004a0019f8       0x38 arch/arm/cpu/armv7/sun50iw1p1/built-in.o
                0x000000004a0019f8                irq_free_handler
 .text.do_irq   0x000000004a001a30       0xdc arch/arm/cpu/armv7/sun50iw1p1/built-in.o
                0x000000004a001a30                do_irq
 .text.do_irqinfo
                0x000000004a001b0c       0x68 arch/arm/cpu/armv7/sun50iw1p1/built-in.o
                0x000000004a001b0c                do_irqinfo
 .text.arch_interrupt_init
                0x000000004a001b74       0x64 arch/arm/cpu/armv7/sun50iw1p1/built-in.o
                0x000000004a001b74                arch_interrupt_init
 .text.arch_interrupt_exit
                0x000000004a001bd8       0x20 arch/arm/cpu/armv7/sun50iw1p1/built-in.o
                0x000000004a001bd8                arch_interrupt_exit
 .text.USBC_ReadLenFromFifo
                0x000000004a001bf8       0x30 arch/arm/cpu/armv7/sun50iw1p1/built-in.o
                0x000000004a001bf8                USBC_ReadLenFromFifo
 .text.USBC_WritePacket
                0x000000004a001c28       0x94 arch/arm/cpu/armv7/sun50iw1p1/built-in.o
                0x000000004a001c28                USBC_WritePacket
 .text.USBC_ReadPacket
                0x000000004a001cbc       0x70 arch/arm/cpu/armv7/sun50iw1p1/built-in.o
                0x000000004a001cbc                USBC_ReadPacket
 .text.USBC_ConfigFIFO_Base
                0x000000004a001d2c       0x3c arch/arm/cpu/armv7/sun50iw1p1/built-in.o
                0x000000004a001d2c                USBC_ConfigFIFO_Base
 .text.USBC_SelectFIFO
                0x000000004a001d68       0x10 arch/arm/cpu/armv7/sun50iw1p1/built-in.o
                0x000000004a001d68                USBC_SelectFIFO
 .text.__USBC_ConfigFifo_TxEp
                0x000000004a001d78       0x58 arch/arm/cpu/armv7/sun50iw1p1/built-in.o
                0x000000004a001d78                __USBC_ConfigFifo_TxEp
 .text.__USBC_ConfigFifo_RxEp
                0x000000004a001dd0       0x58 arch/arm/cpu/armv7/sun50iw1p1/built-in.o
                0x000000004a001dd0                __USBC_ConfigFifo_RxEp
 .text.USBC_ConfigFifo
                0x000000004a001e28       0x3c arch/arm/cpu/armv7/sun50iw1p1/built-in.o
                0x000000004a001e28                USBC_ConfigFifo
 .text.USBC_SelectBus
                0x000000004a001e64       0x4c arch/arm/cpu/armv7/sun50iw1p1/built-in.o
                0x000000004a001e64                USBC_SelectBus
 .text.USBC_INT_EpPending
                0x000000004a001eb0       0x48 arch/arm/cpu/armv7/sun50iw1p1/built-in.o
                0x000000004a001eb0                USBC_INT_EpPending
 .text.USBC_INT_ClearEpPending
                0x000000004a001ef8       0x54 arch/arm/cpu/armv7/sun50iw1p1/built-in.o
                0x000000004a001ef8                USBC_INT_ClearEpPending
 .text.USBC_INT_ClearEpPendingAll
                0x000000004a001f4c       0x44 arch/arm/cpu/armv7/sun50iw1p1/built-in.o
                0x000000004a001f4c                USBC_INT_ClearEpPendingAll
 .text.USBC_INT_MiscPending
                0x000000004a001f90       0x18 arch/arm/cpu/armv7/sun50iw1p1/built-in.o
                0x000000004a001f90                USBC_INT_MiscPending
 .text.USBC_INT_ClearMiscPending
                0x000000004a001fa8       0x18 arch/arm/cpu/armv7/sun50iw1p1/built-in.o
                0x000000004a001fa8                USBC_INT_ClearMiscPending
 .text.USBC_INT_ClearMiscPendingAll
                0x000000004a001fc0       0x18 arch/arm/cpu/armv7/sun50iw1p1/built-in.o
                0x000000004a001fc0                USBC_INT_ClearMiscPendingAll
 .text.USBC_INT_EnableEp
                0x000000004a001fd8       0x5c arch/arm/cpu/armv7/sun50iw1p1/built-in.o
                0x000000004a001fd8                USBC_INT_EnableEp
 .text.USBC_INT_EnableUsbMiscUint
                0x000000004a002034       0x28 arch/arm/cpu/armv7/sun50iw1p1/built-in.o
                0x000000004a002034                USBC_INT_EnableUsbMiscUint
 .text.USBC_INT_DisableUsbMiscUint
                0x000000004a00205c       0x24 arch/arm/cpu/armv7/sun50iw1p1/built-in.o
                0x000000004a00205c                USBC_INT_DisableUsbMiscUint
 .text.USBC_INT_DisableEpAll
                0x000000004a002080       0x3c arch/arm/cpu/armv7/sun50iw1p1/built-in.o
                0x000000004a002080                USBC_INT_DisableEpAll
 .text.USBC_INT_DisableUsbMiscAll
                0x000000004a0020bc       0x18 arch/arm/cpu/armv7/sun50iw1p1/built-in.o
                0x000000004a0020bc                USBC_INT_DisableUsbMiscAll
 .text.USBC_GetActiveEp
                0x000000004a0020d4       0x18 arch/arm/cpu/armv7/sun50iw1p1/built-in.o
                0x000000004a0020d4                USBC_GetActiveEp
 .text.USBC_SelectActiveEp
                0x000000004a0020ec       0x14 arch/arm/cpu/armv7/sun50iw1p1/built-in.o
                0x000000004a0020ec                USBC_SelectActiveEp
 .text.USBC_EnhanceSignal
                0x000000004a002100        0x4 arch/arm/cpu/armv7/sun50iw1p1/built-in.o
                0x000000004a002100                USBC_EnhanceSignal
 .text.USBC_EnableIdPullUp
                0x000000004a002104       0x1c arch/arm/cpu/armv7/sun50iw1p1/built-in.o
                0x000000004a002104                USBC_EnableIdPullUp
 .text.USBC_EnableDpDmPullUp
                0x000000004a002120       0x1c arch/arm/cpu/armv7/sun50iw1p1/built-in.o
                0x000000004a002120                USBC_EnableDpDmPullUp
 .text.USBC_ForceId
                0x000000004a00213c       0x50 arch/arm/cpu/armv7/sun50iw1p1/built-in.o
                0x000000004a00213c                USBC_ForceId
 .text.USBC_ForceVbusValid
                0x000000004a00218c       0x50 arch/arm/cpu/armv7/sun50iw1p1/built-in.o
                0x000000004a00218c                USBC_ForceVbusValid
 .text.USBC_open_otg
                0x000000004a0021dc       0x44 arch/arm/cpu/armv7/sun50iw1p1/built-in.o
                0x000000004a0021dc                USBC_open_otg
 .text.USBC_close_otg
                0x000000004a002220       0x28 arch/arm/cpu/armv7/sun50iw1p1/built-in.o
                0x000000004a002220                USBC_close_otg
 .text.USBC_Dev_SetAddress_default
                0x000000004a002248       0x18 arch/arm/cpu/armv7/sun50iw1p1/built-in.o
                0x000000004a002248                USBC_Dev_SetAddress_default
 .text.USBC_Dev_SetAddress
                0x000000004a002260       0x14 arch/arm/cpu/armv7/sun50iw1p1/built-in.o
                0x000000004a002260                USBC_Dev_SetAddress
 .text.USBC_Dev_QueryTransferMode
                0x000000004a002274       0x24 arch/arm/cpu/armv7/sun50iw1p1/built-in.o
                0x000000004a002274                USBC_Dev_QueryTransferMode
 .text.USBC_Dev_ConfigTransferMode
                0x000000004a002298       0x84 arch/arm/cpu/armv7/sun50iw1p1/built-in.o
                0x000000004a002298                USBC_Dev_ConfigTransferMode
 .text.USBC_Dev_ConectSwitch
                0x000000004a00231c       0x2c arch/arm/cpu/armv7/sun50iw1p1/built-in.o
                0x000000004a00231c                USBC_Dev_ConectSwitch
 .text.USBC_Dev_ConfigEp
                0x000000004a002348      0x10c arch/arm/cpu/armv7/sun50iw1p1/built-in.o
                0x000000004a002348                USBC_Dev_ConfigEp
 .text.USBC_Dev_ConfigEpDma
                0x000000004a002454       0x6c arch/arm/cpu/armv7/sun50iw1p1/built-in.o
                0x000000004a002454                USBC_Dev_ConfigEpDma
 .text.USBC_Dev_ClearEpDma
                0x000000004a0024c0       0x78 arch/arm/cpu/armv7/sun50iw1p1/built-in.o
                0x000000004a0024c0                USBC_Dev_ClearEpDma
 .text.USBC_Dev_IsEpStall
                0x000000004a002538       0x44 arch/arm/cpu/armv7/sun50iw1p1/built-in.o
                0x000000004a002538                USBC_Dev_IsEpStall
 .text.USBC_Dev_EpSendStall
                0x000000004a00257c       0x70 arch/arm/cpu/armv7/sun50iw1p1/built-in.o
                0x000000004a00257c                USBC_Dev_EpSendStall
 .text.USBC_Dev_EpClearStall
                0x000000004a0025ec       0xa0 arch/arm/cpu/armv7/sun50iw1p1/built-in.o
                0x000000004a0025ec                USBC_Dev_EpClearStall
 .text.USBC_Dev_Ctrl_IsSetupEnd
                0x000000004a00268c       0x20 arch/arm/cpu/armv7/sun50iw1p1/built-in.o
                0x000000004a00268c                USBC_Dev_Ctrl_IsSetupEnd
 .text.USBC_Dev_Ctrl_ClearSetupEnd
                0x000000004a0026ac       0x20 arch/arm/cpu/armv7/sun50iw1p1/built-in.o
                0x000000004a0026ac                USBC_Dev_Ctrl_ClearSetupEnd
 .text.USBC_Dev_WriteDataStatus
                0x000000004a0026cc       0x88 arch/arm/cpu/armv7/sun50iw1p1/built-in.o
                0x000000004a0026cc                USBC_Dev_WriteDataStatus
 .text.USBC_Dev_ReadDataStatus
                0x000000004a002754       0x90 arch/arm/cpu/armv7/sun50iw1p1/built-in.o
                0x000000004a002754                USBC_Dev_ReadDataStatus
 .text.USBC_Dev_IsReadDataReady
                0x000000004a0027e4       0x44 arch/arm/cpu/armv7/sun50iw1p1/built-in.o
                0x000000004a0027e4                USBC_Dev_IsReadDataReady
 .text.USBC_Dev_IsWriteDataReady
                0x000000004a002828       0x50 arch/arm/cpu/armv7/sun50iw1p1/built-in.o
                0x000000004a002828                USBC_Dev_IsWriteDataReady
 .text.USBC_Dma_Set_ChannalPara
                0x000000004a002878       0x44 arch/arm/cpu/armv7/sun50iw1p1/built-in.o
                0x000000004a002878                USBC_Dma_Set_ChannalPara
 .text.USBC_Dma_Set_PktLen
                0x000000004a0028bc       0x40 arch/arm/cpu/armv7/sun50iw1p1/built-in.o
                0x000000004a0028bc                USBC_Dma_Set_PktLen
 .text.USBC_Dma_Start
                0x000000004a0028fc       0x74 arch/arm/cpu/armv7/sun50iw1p1/built-in.o
                0x000000004a0028fc                USBC_Dma_Start
 .text.USBC_Dma_Int_Stop
                0x000000004a002970       0x34 arch/arm/cpu/armv7/sun50iw1p1/built-in.o
                0x000000004a002970                USBC_Dma_Int_Stop
 .text.USBC_Dma_Int_Query
                0x000000004a0029a4       0x1c arch/arm/cpu/armv7/sun50iw1p1/built-in.o
                0x000000004a0029a4                USBC_Dma_Int_Query
 .text.USBC_Dma_Int_Clear
                0x000000004a0029c0       0x24 arch/arm/cpu/armv7/sun50iw1p1/built-in.o
                0x000000004a0029c0                USBC_Dma_Int_Clear
 .text.usb_open_clock
                0x000000004a0029e4       0x80 arch/arm/cpu/armv7/sun50iw1p1/built-in.o
                0x000000004a0029e4                usb_open_clock
 .text.usb_close_clock
                0x000000004a002a64       0x54 arch/arm/cpu/armv7/sun50iw1p1/built-in.o
                0x000000004a002a64                usb_close_clock
 .text.usb_probe_vbus_type
                0x000000004a002ab8       0x64 arch/arm/cpu/armv7/sun50iw1p1/built-in.o
                0x000000004a002ab8                usb_probe_vbus_type
 *fill*         0x000000004a002b1c        0x4 
 .text          0x000000004a002b20      0x1d8 arch/arm/lib/built-in.o
                0x000000004a002b20                _main
                0x000000004a002ba4                relocate_code
                0x000000004a002c40                memset
 .text.arch_fixup_memory_node
                0x000000004a002cf8       0x38 arch/arm/lib/built-in.o
                0x000000004a002cf8                arch_fixup_memory_node
 .text.boot_jump_linux
                0x000000004a002d30       0x94 arch/arm/lib/built-in.o
 .text.arch_lmb_reserve
                0x000000004a002dc4       0x24 arch/arm/lib/built-in.o
                0x000000004a002dc4                arch_lmb_reserve
 .text.setup_board_tags
                0x000000004a002de8        0x4 arch/arm/lib/built-in.o
                0x000000004a002de8                setup_board_tags
 .text.boot_prep_linux
                0x000000004a002dec      0x184 arch/arm/lib/built-in.o
 .text.do_bootm_linux
                0x000000004a002f70       0x60 arch/arm/lib/built-in.o
                0x000000004a002f70                do_bootm_linux
 .text.boot_prep_vxworks
                0x000000004a002fd0       0x4c arch/arm/lib/built-in.o
                0x000000004a002fd0                boot_prep_vxworks
 .text.boot_jump_vxworks
                0x000000004a00301c       0x14 arch/arm/lib/built-in.o
                0x000000004a00301c                boot_jump_vxworks
 .text.interrupt_init
                0x000000004a003030       0x40 arch/arm/lib/built-in.o
                0x000000004a003030                interrupt_init
 .text.interrupt_exit
                0x000000004a003070        0x4 arch/arm/lib/built-in.o
                0x000000004a003070                interrupt_exit
 .text.enable_interrupts
                0x000000004a003074       0x10 arch/arm/lib/built-in.o
                0x000000004a003074                enable_interrupts
 .text.interrupts_is_open
                0x000000004a003084       0x10 arch/arm/lib/built-in.o
                0x000000004a003084                interrupts_is_open
 .text.disable_interrupts
                0x000000004a003094       0x18 arch/arm/lib/built-in.o
                0x000000004a003094                disable_interrupts
 .text.bad_mode
                0x000000004a0030ac       0x10 arch/arm/lib/built-in.o
                0x000000004a0030ac                bad_mode
 .text.show_regs
                0x000000004a0030bc      0x13c arch/arm/lib/built-in.o
                0x000000004a0030bc                show_regs
 .text.do_undefined_instruction
                0x000000004a0031f8       0x20 arch/arm/lib/built-in.o
                0x000000004a0031f8                do_undefined_instruction
 .text.do_software_interrupt
                0x000000004a003218       0x20 arch/arm/lib/built-in.o
                0x000000004a003218                do_software_interrupt
 .text.do_prefetch_abort
                0x000000004a003238       0x20 arch/arm/lib/built-in.o
                0x000000004a003238                do_prefetch_abort
 .text.do_data_abort
                0x000000004a003258       0x20 arch/arm/lib/built-in.o
                0x000000004a003258                do_data_abort
 .text.do_not_used
                0x000000004a003278       0x20 arch/arm/lib/built-in.o
                0x000000004a003278                do_not_used
 .text.do_fiq   0x000000004a003298       0x20 arch/arm/lib/built-in.o
                0x000000004a003298                do_fiq
 .text.do_reset
                0x000000004a0032b8       0x2c arch/arm/lib/built-in.o
                0x000000004a0032b8                do_reset
 .text.cp_delay
                0x000000004a0032e4       0x30 arch/arm/lib/built-in.o
 .text.arm_init_domains
                0x000000004a003314        0x4 arch/arm/lib/built-in.o
                0x000000004a003314                arm_init_domains
 .text.set_section_dcache
                0x000000004a003318       0x14 arch/arm/lib/built-in.o
                0x000000004a003318                set_section_dcache
 .text.dram_bank_mmu_setup
                0x000000004a00332c       0x8c arch/arm/lib/built-in.o
                0x000000004a00332c                dram_bank_mmu_setup
 .text.mmu_setup
                0x000000004a0033b8       0x54 arch/arm/lib/built-in.o
 .text.icache_enable
                0x000000004a00340c       0x18 arch/arm/lib/built-in.o
                0x000000004a00340c                icache_enable
 .text.icache_disable
                0x000000004a003424       0x1c arch/arm/lib/built-in.o
                0x000000004a003424                icache_disable
 .text.dcache_enable
                0x000000004a003440       0x28 arch/arm/lib/built-in.o
                0x000000004a003440                dcache_enable
 .text.dcache_disable
                0x000000004a003468       0x28 arch/arm/lib/built-in.o
                0x000000004a003468                dcache_disable
 .text.dcache_status
                0x000000004a003490        0xc arch/arm/lib/built-in.o
                0x000000004a003490                dcache_status
 .text.sprite_cartoon_screen_set
                0x000000004a00349c       0xac board/sunxi/cartoon/built-in.o
                0x000000004a00349c                sprite_cartoon_screen_set
 .text.sprite_cartoon_test
                0x000000004a003548      0x198 board/sunxi/cartoon/built-in.o
                0x000000004a003548                sprite_cartoon_test
 .text.do_sunxi_screen_char
                0x000000004a0036e0        0x4 board/sunxi/cartoon/built-in.o
                0x000000004a0036e0                do_sunxi_screen_char
 .text.sprite_cartoon_progressbar_create
                0x000000004a0036e4       0xb0 board/sunxi/cartoon/built-in.o
                0x000000004a0036e4                sprite_cartoon_progressbar_create
 .text.sprite_cartoon_progressbar_config
                0x000000004a003794       0x48 board/sunxi/cartoon/built-in.o
                0x000000004a003794                sprite_cartoon_progressbar_config
 .text.sprite_cartoon_progressbar_active
                0x000000004a0037dc       0x64 board/sunxi/cartoon/built-in.o
                0x000000004a0037dc                sprite_cartoon_progressbar_active
 .text.sprite_cartoon_progressbar_upgrate
                0x000000004a003840       0xb8 board/sunxi/cartoon/built-in.o
                0x000000004a003840                sprite_cartoon_progressbar_upgrate
 .text.sprite_cartoon_ui_draw_hollowrectangle
                0x000000004a0038f8       0xd8 board/sunxi/cartoon/built-in.o
                0x000000004a0038f8                sprite_cartoon_ui_draw_hollowrectangle
 .text.sprite_cartoon_ui_draw_solidrectangle
                0x000000004a0039d0       0xb0 board/sunxi/cartoon/built-in.o
                0x000000004a0039d0                sprite_cartoon_ui_draw_solidrectangle
 .text.sprite_cartoon_ui_set_color
                0x000000004a003a80       0x14 board/sunxi/cartoon/built-in.o
                0x000000004a003a80                sprite_cartoon_ui_set_color
 .text.sprite_cartoon_ui_get_color
                0x000000004a003a94       0x10 board/sunxi/cartoon/built-in.o
                0x000000004a003a94                sprite_cartoon_ui_get_color
 .text.uichar_change_newline
                0x000000004a003aa4       0x74 board/sunxi/cartoon/built-in.o
 .text.sprite_uichar_init
                0x000000004a003b18      0x124 board/sunxi/cartoon/built-in.o
                0x000000004a003b18                sprite_uichar_init
 .text.sprite_uichar_printf
                0x000000004a003c3c      0x12c board/sunxi/cartoon/built-in.o
                0x000000004a003c3c                sprite_uichar_printf
 .text.draw_pixel
                0x000000004a003d68       0x5c board/sunxi/cartoon/built-in.o
 .text.open_font
                0x000000004a003dc4       0xd8 board/sunxi/cartoon/built-in.o
                0x000000004a003dc4                open_font
 .text.check_change_line
                0x000000004a003e9c       0x60 board/sunxi/cartoon/built-in.o
                0x000000004a003e9c                check_change_line
 .text.draw_bmp_ulc
                0x000000004a003efc       0xd4 board/sunxi/cartoon/built-in.o
                0x000000004a003efc                draw_bmp_ulc
 .text.is_valid_face
                0x000000004a003fd0       0x28 board/sunxi/cartoon/built-in.o
 .text.release_hdl_res
                0x000000004a003ff8       0xb4 board/sunxi/cartoon/built-in.o
 .text.SFTE_New_Face
                0x000000004a0040ac      0x22c board/sunxi/cartoon/built-in.o
                0x000000004a0040ac                SFTE_New_Face
 .text.SFTE_Done_Face
                0x000000004a0042d8       0x40 board/sunxi/cartoon/built-in.o
                0x000000004a0042d8                SFTE_Done_Face
 .text.SFTE_Set_Pixel_Sizes
                0x000000004a004318      0x178 board/sunxi/cartoon/built-in.o
                0x000000004a004318                SFTE_Set_Pixel_Sizes
 .text.SFTE_Get_Glyph
                0x000000004a004490      0x218 board/sunxi/cartoon/built-in.o
                0x000000004a004490                SFTE_Get_Glyph
 .text.PIO_REG_CFG
                0x000000004a0046a8       0x3c board/sunxi/common/built-in.o
                0x000000004a0046a8                PIO_REG_CFG
 .text.PIO_REG_PULL
                0x000000004a0046e4       0x34 board/sunxi/common/built-in.o
                0x000000004a0046e4                PIO_REG_PULL
 .text.PIO_REG_DLEVEL
                0x000000004a004718       0x34 board/sunxi/common/built-in.o
                0x000000004a004718                PIO_REG_DLEVEL
 .text.PIO_REG_DATA
                0x000000004a00474c       0x2c board/sunxi/common/built-in.o
                0x000000004a00474c                PIO_REG_DATA
 .text.PIO_REG_CFG_VALUE
                0x000000004a004778       0x38 board/sunxi/common/built-in.o
                0x000000004a004778                PIO_REG_CFG_VALUE
 .text.gpio_set_one_pin_io_status
                0x000000004a0047b0       0xbc board/sunxi/common/built-in.o
                0x000000004a0047b0                gpio_set_one_pin_io_status
 .text.gpio_write_one_pin_value
                0x000000004a00486c       0xd4 board/sunxi/common/built-in.o
                0x000000004a00486c                gpio_write_one_pin_value
 .text.gpio_request_early
                0x000000004a004940      0x3f4 board/sunxi/common/built-in.o
                0x000000004a004940                gpio_request_early
 .text.gpio_request
                0x000000004a004d34      0x43c board/sunxi/common/built-in.o
                0x000000004a004d34                gpio_request
 .text.gpio_release
                0x000000004a005170       0x2c board/sunxi/common/built-in.o
                0x000000004a005170                gpio_release
 .text.fdt_get_all_pin
                0x000000004a00519c      0x3e0 board/sunxi/common/built-in.o
                0x000000004a00519c                fdt_get_all_pin
 .text.fdt_get_pin_num
                0x000000004a00557c      0x114 board/sunxi/common/built-in.o
                0x000000004a00557c                fdt_get_pin_num
 .text.fdt_set_all_pin
                0x000000004a005690       0xc0 board/sunxi/common/built-in.o
                0x000000004a005690                fdt_set_all_pin
 .text.fdt_set_all_pin_by_offset
                0x000000004a005750       0xa0 board/sunxi/common/built-in.o
                0x000000004a005750                fdt_set_all_pin_by_offset
 .text.fdt_get_one_gpio_by_offset
                0x000000004a0057f0       0xa4 board/sunxi/common/built-in.o
                0x000000004a0057f0                fdt_get_one_gpio_by_offset
 .text.fdt_get_one_gpio
                0x000000004a005894       0xac board/sunxi/common/built-in.o
                0x000000004a005894                fdt_get_one_gpio
 .text.sunxi_partition_get_total_num
                0x000000004a005940       0x3c board/sunxi/common/built-in.o
                0x000000004a005940                sunxi_partition_get_total_num
 .text.sunxi_partition_get_name
                0x000000004a00597c       0x4c board/sunxi/common/built-in.o
                0x000000004a00597c                sunxi_partition_get_name
 .text.sunxi_partition_get_offset
                0x000000004a0059c8       0x78 board/sunxi/common/built-in.o
                0x000000004a0059c8                sunxi_partition_get_offset
 .text.sunxi_partition_get_size
                0x000000004a005a40       0x78 board/sunxi/common/built-in.o
                0x000000004a005a40                sunxi_partition_get_size
 .text.sunxi_partition_get_offset_byname
                0x000000004a005ab8       0xa8 board/sunxi/common/built-in.o
                0x000000004a005ab8                sunxi_partition_get_offset_byname
 .text.sunxi_partition_get_partno_byname
                0x000000004a005b60       0x80 board/sunxi/common/built-in.o
                0x000000004a005b60                sunxi_partition_get_partno_byname
 .text.sunxi_partition_get_size_byname
                0x000000004a005be0       0xa8 board/sunxi/common/built-in.o
                0x000000004a005be0                sunxi_partition_get_size_byname
 .text.sunxi_partition_init
                0x000000004a005c88       0xf4 board/sunxi/common/built-in.o
                0x000000004a005c88                sunxi_partition_init
 .text.fdt_setprop_u32
                0x000000004a005d7c       0x24 board/sunxi/common/built-in.o
 .text.sunxi_update_subsequent_processing
                0x000000004a005da0       0x8c board/sunxi/common/built-in.o
                0x000000004a005da0                sunxi_update_subsequent_processing
 .text.sunxi_fastboot_init
                0x000000004a005e2c      0x1f0 board/sunxi/common/built-in.o
                0x000000004a005e2c                sunxi_fastboot_init
 .text.update_bootcmd
                0x000000004a00601c      0x51c board/sunxi/common/built-in.o
                0x000000004a00601c                update_bootcmd
 .text.update_fdt_para_for_kernel
                0x000000004a006538      0x43c board/sunxi/common/built-in.o
                0x000000004a006538                update_fdt_para_for_kernel
 .text.get_boot_work_mode
                0x000000004a006974       0x10 board/sunxi/common/built-in.o
                0x000000004a006974                get_boot_work_mode
 .text.get_boot_storage_type
                0x000000004a006984       0x10 board/sunxi/common/built-in.o
                0x000000004a006984                get_boot_storage_type
 .text.get_debugmode_flag
                0x000000004a006994       0x74 board/sunxi/common/built-in.o
                0x000000004a006994                get_debugmode_flag
 .text.board_late_init
                0x000000004a006a08       0xfc board/sunxi/common/built-in.o
                0x000000004a006a08                board_late_init
 .text.unlikely.EnterAndroidChargeMode
                0x000000004a006b04       0x2c board/sunxi/common/built-in.o
 .text.ProbePreSystemMode
                0x000000004a006b30       0x50 board/sunxi/common/built-in.o
                0x000000004a006b30                ProbePreSystemMode
 .text.PowerCheck
                0x000000004a006b80      0x230 board/sunxi/common/built-in.o
                0x000000004a006b80                PowerCheck
 .text.sunxi_str_replace
                0x000000004a006db0      0x1dc board/sunxi/common/built-in.o
                0x000000004a006db0                sunxi_str_replace
 .text.power_limit_init
                0x000000004a006f8c      0x10c board/sunxi/common/built-in.o
                0x000000004a006f8c                power_limit_init
 .text.check_update_key
                0x000000004a007098      0x1e4 board/sunxi/common/built-in.o
                0x000000004a007098                check_update_key
 .text.check_uart_input
                0x000000004a00727c       0xa0 board/sunxi/common/built-in.o
                0x000000004a00727c                check_uart_input
 .text.debug_mode_get
                0x000000004a00731c        0x8 board/sunxi/common/built-in.o
                0x000000004a00731c                debug_mode_get
 .text.debug_mode_set
                0x000000004a007324        0x8 board/sunxi/common/built-in.o
                0x000000004a007324                debug_mode_set
 .text.debug_mode_update_info
                0x000000004a00732c        0x4 board/sunxi/common/built-in.o
                0x000000004a00732c                debug_mode_update_info
 .text.sunxi_keydata_burn_by_usb
                0x000000004a007330      0x160 board/sunxi/common/built-in.o
                0x000000004a007330                sunxi_keydata_burn_by_usb
 .text.get_serial_num_from_file
                0x000000004a007490      0x160 board/sunxi/common/built-in.o
                0x000000004a007490                get_serial_num_from_file
 .text.get_serial_num_from_chipid
                0x000000004a0075f0       0x64 board/sunxi/common/built-in.o
                0x000000004a0075f0                get_serial_num_from_chipid
 .text.sunxi_set_serial_num
                0x000000004a007654       0x70 board/sunxi/common/built-in.o
                0x000000004a007654                sunxi_set_serial_num
 .text.do_env_set_debug
                0x000000004a0076c4       0xe8 board/sunxi/common/built-in.o
                0x000000004a0076c4                do_env_set_debug
 .text.set_misc
                0x000000004a0077ac      0x118 board/sunxi/common/built-in.o
                0x000000004a0077ac                set_misc
 .text.get_model
                0x000000004a0078c4       0x48 board/sunxi/common/built-in.o
                0x000000004a0078c4                get_model
 .text.olimex_set_model
                0x000000004a00790c       0x60 board/sunxi/common/built-in.o
                0x000000004a00790c                olimex_set_model
 .text.board_display_update_para_for_kernel
                0x000000004a00796c       0xa8 board/sunxi/common/built-in.o
 .text.board_display_layer_request
                0x000000004a007a14        0xc board/sunxi/common/built-in.o
                0x000000004a007a14                board_display_layer_request
 .text.board_display_wait_lcd_open
                0x000000004a007a20       0x68 board/sunxi/common/built-in.o
                0x000000004a007a20                board_display_wait_lcd_open
 .text.board_display_wait_lcd_close
                0x000000004a007a88       0x68 board/sunxi/common/built-in.o
                0x000000004a007a88                board_display_wait_lcd_close
 .text.board_display_set_exit_mode
                0x000000004a007af0       0x5c board/sunxi/common/built-in.o
                0x000000004a007af0                board_display_set_exit_mode
 .text.board_display_layer_open
                0x000000004a007b4c       0x58 board/sunxi/common/built-in.o
                0x000000004a007b4c                board_display_layer_open
 .text.board_display_layer_para_set
                0x000000004a007ba4       0x48 board/sunxi/common/built-in.o
                0x000000004a007ba4                board_display_layer_para_set
 .text.board_display_show_until_lcd_open
                0x000000004a007bec       0x38 board/sunxi/common/built-in.o
                0x000000004a007bec                board_display_show_until_lcd_open
 .text.board_display_show
                0x000000004a007c24       0x14 board/sunxi/common/built-in.o
                0x000000004a007c24                board_display_show
 .text.board_display_framebuffer_set
                0x000000004a007c38      0x1fc board/sunxi/common/built-in.o
                0x000000004a007c38                board_display_framebuffer_set
 .text.board_display_device_open
                0x000000004a007e34      0x23c board/sunxi/common/built-in.o
                0x000000004a007e34                board_display_device_open
 .text.borad_display_get_screen_width
                0x000000004a008070       0x3c board/sunxi/common/built-in.o
                0x000000004a008070                borad_display_get_screen_width
 .text.borad_display_get_screen_height
                0x000000004a0080ac       0x3c board/sunxi/common/built-in.o
                0x000000004a0080ac                borad_display_get_screen_height
 .text.board_init
                0x000000004a0080e8       0x34 board/sunxi/sun50iw1p1/built-in.o
                0x000000004a0080e8                board_init
 .text.dram_init_banksize
                0x000000004a00811c       0x1c board/sunxi/sun50iw1p1/built-in.o
                0x000000004a00811c                dram_init_banksize
 .text.dram_init
                0x000000004a008138       0x64 board/sunxi/sun50iw1p1/built-in.o
                0x000000004a008138                dram_init
 .text.board_mmc_init
                0x000000004a00819c       0x14 board/sunxi/sun50iw1p1/built-in.o
                0x000000004a00819c                board_mmc_init
 .text.board_mmc_pre_init
                0x000000004a0081b0       0x14 board/sunxi/sun50iw1p1/built-in.o
                0x000000004a0081b0                board_mmc_pre_init
 .text.board_mmc_set_num
                0x000000004a0081c4        0x8 board/sunxi/sun50iw1p1/built-in.o
                0x000000004a0081c4                board_mmc_set_num
 .text.platform_axp_probe
                0x000000004a0081cc       0x58 board/sunxi/sun50iw1p1/built-in.o
                0x000000004a0081cc                platform_axp_probe
 .text.__show_boot_progress
                0x000000004a008224        0x4 common/built-in.o
                0x000000004a008224                __show_boot_progress
                0x000000004a008224                show_boot_progress
 .text.main_loop
                0x000000004a008228       0x44 common/built-in.o
                0x000000004a008228                main_loop
 .text.find_cmd_tbl
                0x000000004a00826c       0xa4 common/built-in.o
                0x000000004a00826c                find_cmd_tbl
 .text.find_cmd
                0x000000004a008310       0x28 common/built-in.o
                0x000000004a008310                find_cmd
 .text.cmd_usage
                0x000000004a008338       0x5c common/built-in.o
                0x000000004a008338                cmd_usage
 .text._do_help
                0x000000004a008394      0x184 common/built-in.o
                0x000000004a008394                _do_help
 .text.var_complete
                0x000000004a008518       0x88 common/built-in.o
                0x000000004a008518                var_complete
 .text.cmd_auto_complete
                0x000000004a0085a0      0x4c4 common/built-in.o
                0x000000004a0085a0                cmd_auto_complete
 .text.cmd_get_data_size
                0x000000004a008a64       0x50 common/built-in.o
                0x000000004a008a64                cmd_get_data_size
 .text.cmd_process
                0x000000004a008ab4       0xec common/built-in.o
                0x000000004a008ab4                cmd_process
 .text.dummy    0x000000004a008ba0        0x4 common/built-in.o
 .text.get_version
                0x000000004a008ba4        0x8 common/built-in.o
                0x000000004a008ba4                get_version
 .text.jumptable_init
                0x000000004a008bac      0x190 common/built-in.o
                0x000000004a008bac                jumptable_init
 .text.hash_command
                0x000000004a008d3c       0xa0 common/built-in.o
                0x000000004a008d3c                hash_command
 .text.b_reset  0x000000004a008ddc       0x1c common/built-in.o
 .text.static_get
                0x000000004a008df8       0x1c common/built-in.o
 .text.static_peek
                0x000000004a008e14        0xc common/built-in.o
 .text.file_peek
                0x000000004a008e20        0xc common/built-in.o
 .text.mapset   0x000000004a008e2c       0x24 common/built-in.o
 .text.syntax_err
                0x000000004a008e50        0xc common/built-in.o
 .text.do_showvar
                0x000000004a008e5c       0xf4 common/built-in.o
 .text.xmalloc  0x000000004a008f50       0x20 common/built-in.o
 .text.new_pipe
                0x000000004a008f70       0x28 common/built-in.o
 .text.free_pipe_list
                0x000000004a008f98       0xfc common/built-in.o
 .text.xrealloc
                0x000000004a009094       0x20 common/built-in.o
 .text.done_command
                0x000000004a0090b4       0x8c common/built-in.o
 .text.done_pipe
                0x000000004a009140       0x48 common/built-in.o
 .text.done_word
                0x000000004a009188      0x2e4 common/built-in.o
 .text.is_assignment
                0x000000004a00946c       0x54 common/built-in.o
 .text.file_get
                0x000000004a0094c0      0x1d0 common/built-in.o
 .text.b_addchr
                0x000000004a009690       0x80 common/built-in.o
 .text.b_addqchr
                0x000000004a009710       0x50 common/built-in.o
 .text.get_local_var
                0x000000004a009760       0x98 common/built-in.o
                0x000000004a009760                get_local_var
 .text.set_local_var
                0x000000004a0097f8      0x1c0 common/built-in.o
                0x000000004a0097f8                set_local_var
 .text.insert_var_value_sub
                0x000000004a0099b8      0x2b0 common/built-in.o
 .text.parse_string_outer
                0x000000004a009c68       0xf0 common/built-in.o
                0x000000004a009c68                parse_string_outer
 .text.run_list_real
                0x000000004a009d58      0x7ec common/built-in.o
 .text.parse_stream_outer
                0x000000004a00a544      0x6f4 common/built-in.o
 .text.parse_file_outer
                0x000000004a00ac38       0x44 common/built-in.o
                0x000000004a00ac38                parse_file_outer
 .text.u_boot_hush_start
                0x000000004a00ac7c       0x54 common/built-in.o
                0x000000004a00ac7c                u_boot_hush_start
 .text.run_command
                0x000000004a00acd0        0x8 common/built-in.o
                0x000000004a00acd0                run_command
 .text.run_command_list
                0x000000004a00acd8       0x5c common/built-in.o
                0x000000004a00acd8                run_command_list
 .text.do_run   0x000000004a00ad34       0x74 common/built-in.o
                0x000000004a00ad34                do_run
 .text.cli_process_fdt
                0x000000004a00ada8       0x40 common/built-in.o
                0x000000004a00ada8                cli_process_fdt
 .text.cli_secure_boot_cmd
                0x000000004a00ade8       0x78 common/built-in.o
                0x000000004a00ade8                cli_secure_boot_cmd
 .text.cli_loop
                0x000000004a00ae60        0xc common/built-in.o
                0x000000004a00ae60                cli_loop
 .text.cli_init
                0x000000004a00ae6c        0x4 common/built-in.o
                0x000000004a00ae6c                cli_init
 .text.delete_char.part.0
                0x000000004a00ae70       0xd4 common/built-in.o
 .text.cread_add_char
                0x000000004a00af44       0xec common/built-in.o
 .text.cli_readline_into_buffer
                0x000000004a00b030      0x9c4 common/built-in.o
                0x000000004a00b030                cli_readline_into_buffer
 .text.cli_readline
                0x000000004a00b9f4       0x14 common/built-in.o
                0x000000004a00b9f4                cli_readline
 .text.bootdelay_process
                0x000000004a00ba08       0xc0 common/built-in.o
                0x000000004a00ba08                bootdelay_process
 .text.autoboot_command
                0x000000004a00bac8       0xd8 common/built-in.o
                0x000000004a00bac8                autoboot_command
 .text.print_cpuinfo
                0x000000004a00bba0        0x8 common/built-in.o
 .text.trace_early_init
                0x000000004a00bba8        0x8 common/built-in.o
 .text.setup_mon_len
                0x000000004a00bbb0       0x24 common/built-in.o
 .text.arch_cpu_init
                0x000000004a00bbd4        0x8 common/built-in.o
                0x000000004a00bbd4                arch_cpu_init
 .text.reserve_round_4k
                0x000000004a00bbdc       0x18 common/built-in.o
 .text.reserve_mmu
                0x000000004a00bbf4       0x38 common/built-in.o
 .text.reserve_trace
                0x000000004a00bc2c        0x8 common/built-in.o
 .text.reserve_uboot
                0x000000004a00bc34       0x30 common/built-in.o
 .text.reserve_malloc
                0x000000004a00bc64       0x2c common/built-in.o
 .text.setup_machine
                0x000000004a00bc90        0x8 common/built-in.o
 .text.reserve_global_data
                0x000000004a00bc98       0x1c common/built-in.o
 .text.reserve_sysconfig
                0x000000004a00bcb4       0x44 common/built-in.o
 .text.reserve_stacks
                0x000000004a00bcf8       0x4c common/built-in.o
 .text.display_new_sp
                0x000000004a00bd44        0x8 common/built-in.o
 .text.reloc_sysconfig
                0x000000004a00bd4c       0x2c common/built-in.o
 .text.setup_reloc
                0x000000004a00bd78       0x38 common/built-in.o
 .text.reloc_fdt
                0x000000004a00bdb0       0x40 common/built-in.o
 .text.display_text_info
                0x000000004a00bdf0       0x20 common/built-in.o
 .text.reserve_board
                0x000000004a00be10       0x30 common/built-in.o
 .text.announce_dram_init
                0x000000004a00be40       0x18 common/built-in.o
 .text.init_func_pmubus
                0x000000004a00be58       0x38 common/built-in.o
 .text.init_baud_rate
                0x000000004a00be90       0x2c common/built-in.o
 .text.mark_bootstage
                0x000000004a00bebc       0x14 common/built-in.o
 .text.setup_fdt
                0x000000004a00bed0       0x38 common/built-in.o
 .text.reserve_fdt
                0x000000004a00bf08       0x80 common/built-in.o
 .text.__coloured_LED_init
                0x000000004a00bf88        0x4 common/built-in.o
                0x000000004a00bf88                __coloured_LED_init
                0x000000004a00bf88                coloured_LED_init
 .text.__red_led_on
                0x000000004a00bf8c        0x4 common/built-in.o
                0x000000004a00bf8c                red_led_on
                0x000000004a00bf8c                __red_led_on
 .text.setup_dram_config
                0x000000004a00bf90       0x10 common/built-in.o
 .text.board_get_usable_ram_top
                0x000000004a00bfa0        0x8 common/built-in.o
                0x000000004a00bfa0                board_get_usable_ram_top
 .text.setup_dest_addr
                0x000000004a00bfa8       0x40 common/built-in.o
 .text.board_init_f
                0x000000004a00bfe8       0x54 common/built-in.o
                0x000000004a00bfe8                board_init_f
 .text.bootstage_relocate
                0x000000004a00c03c        0x8 common/built-in.o
 .text.initr_trace
                0x000000004a00c044        0x8 common/built-in.o
 .text.initr_reloc_global_data
                0x000000004a00c04c       0x28 common/built-in.o
 .text.initr_announce
                0x000000004a00c074        0x8 common/built-in.o
 .text.run_main_loop
                0x000000004a00c07c       0x18 common/built-in.o
 .text.initr_sunxi_base
                0x000000004a00c094       0x10 common/built-in.o
 .text.initr_env
                0x000000004a00c0a4       0x54 common/built-in.o
 .text.sunxi_burn_key
                0x000000004a00c0f8       0x10 common/built-in.o
 .text.initr_sunxi_flash
                0x000000004a00c108       0x1c common/built-in.o
 .text.initr_enable_interrupts
                0x000000004a00c124       0x10 common/built-in.o
 .text.initr_jumptable
                0x000000004a00c134       0x10 common/built-in.o
 .text.initr_malloc
                0x000000004a00c144       0x30 common/built-in.o
 .text.initr_serial
                0x000000004a00c174       0x10 common/built-in.o
 .text.initr_caches
                0x000000004a00c184       0x10 common/built-in.o
 .text.initr_reloc
                0x000000004a00c194       0x28 common/built-in.o
 .text.power_init_board
                0x000000004a00c1bc       0x10 common/built-in.o
                0x000000004a00c1bc                power_init_board
 .text.initr_sunxi_display
                0x000000004a00c1cc       0x50 common/built-in.o
 .text.__cpu_secondary_init_r
                0x000000004a00c21c        0x4 common/built-in.o
                0x000000004a00c21c                cpu_secondary_init_r
                0x000000004a00c21c                __cpu_secondary_init_r
 .text.initr_secondary_cpu
                0x000000004a00c220       0x10 common/built-in.o
 .text.intr_vector_fix
                0x000000004a00c230       0xa8 common/built-in.o
                0x000000004a00c230                intr_vector_fix
 .text.board_init_r
                0x000000004a00c2d8       0x1c common/built-in.o
                0x000000004a00c2d8                board_init_r
 .text.do_go_exec
                0x000000004a00c2f4       0x18 common/built-in.o
                0x000000004a00c2f4                do_go_exec
 .text.do_go    0x000000004a00c30c       0x70 common/built-in.o
                0x000000004a00c30c                do_go
 .text.do_bootd
                0x000000004a00c37c       0x20 common/built-in.o
                0x000000004a00c37c                do_bootd
 .text.do_bootm
                0x000000004a00c39c       0xfc common/built-in.o
                0x000000004a00c39c                do_bootm
 .text.do_booti
                0x000000004a00c498      0x184 common/built-in.o
                0x000000004a00c498                do_booti
 .text.__fswab32
                0x000000004a00c61c       0x28 common/built-in.o
 .text.image_get_size
                0x000000004a00c644       0x18 common/built-in.o
 .text.bootm_find_ramdisk_fdt
                0x000000004a00c65c       0xb4 common/built-in.o
                0x000000004a00c65c                bootm_find_ramdisk_fdt
 .text.bootm_disable_interrupts
                0x000000004a00c710        0x4 common/built-in.o
                0x000000004a00c710                bootm_disable_interrupts
 .text.do_bootm_states
                0x000000004a00c714      0x87c common/built-in.o
                0x000000004a00c714                do_bootm_states
 .text.copy_args
                0x000000004a00cf90       0x4c common/built-in.o
 .text.do_bootm_plan9
                0x000000004a00cfdc       0xa4 common/built-in.o
 .text.do_bootm_rtems
                0x000000004a00d080       0x40 common/built-in.o
 .text.do_bootm_standalone
                0x000000004a00d0c0       0x64 common/built-in.o
 .text.do_bootm_qnxelf
                0x000000004a00d124       0x5c common/built-in.o
 .text.do_bootm_netbsd
                0x000000004a00d180       0xf8 common/built-in.o
 .text.do_bootvx_fdt
                0x000000004a00d278      0x108 common/built-in.o
                0x000000004a00d278                do_bootvx_fdt
 .text.do_bootm_vxworks
                0x000000004a00d380       0x24 common/built-in.o
 .text.__arch_preboot_os
                0x000000004a00d3a4        0x4 common/built-in.o
                0x000000004a00d3a4                arch_preboot_os
 .text.boot_selected_os
                0x000000004a00d3a8       0x5c common/built-in.o
                0x000000004a00d3a8                boot_selected_os
 .text.bootm_os_get_boot_func
                0x000000004a00d404       0x10 common/built-in.o
                0x000000004a00d404                bootm_os_get_boot_func
 .text.do_help  0x000000004a00d414       0x44 common/built-in.o
 .text.do_version
                0x000000004a00d458       0x38 common/built-in.o
 .text.uboot_jmpto_kernel
                0x000000004a00d490       0x30 common/built-in.o
                0x000000004a00d490                uboot_jmpto_kernel
 .text.do_boota_linux
                0x000000004a00d4c0       0x64 common/built-in.o
                0x000000004a00d4c0                do_boota_linux
 .text.memcpy2  0x000000004a00d524       0x54 common/built-in.o
                0x000000004a00d524                memcpy2
 .text.do_boota
                0x000000004a00d578      0x174 common/built-in.o
                0x000000004a00d578                do_boota
 .text.do_sunxi_flash
                0x000000004a00d6ec      0x370 common/built-in.o
                0x000000004a00d6ec                do_sunxi_flash
 .text.do_timer_test1
                0x000000004a00da5c       0x88 common/built-in.o
                0x000000004a00da5c                do_timer_test1
 .text.do_timer_test
                0x000000004a00dae4       0x88 common/built-in.o
                0x000000004a00dae4                do_timer_test
 .text.timer1_test_func
                0x000000004a00db6c       0x30 common/built-in.o
 .text.timer0_test_func
                0x000000004a00db9c       0x30 common/built-in.o
 .text.do_delay_test
                0x000000004a00dbcc       0x50 common/built-in.o
                0x000000004a00dbcc                do_delay_test
 .text.do_efex  0x000000004a00dc1c       0x1c common/built-in.o
                0x000000004a00dc1c                do_efex
 .text.do_sunxi_ums
                0x000000004a00dc38       0x40 common/built-in.o
                0x000000004a00dc38                do_sunxi_ums
 .text.do_shutdown
                0x000000004a00dc78        0x4 common/built-in.o
                0x000000004a00dc78                do_shutdown
 .text.usage    0x000000004a00dc7c       0x10 common/built-in.o
                0x000000004a00dc7c                usage
 .text.do_memtester
                0x000000004a00dc8c      0x31c common/built-in.o
 .text.do_sunxi_bmp_info
                0x000000004a00dfa8      0x19c common/built-in.o
 .text.sunxi_bmp_decode
                0x000000004a00e144      0x26c common/built-in.o
                0x000000004a00e144                sunxi_bmp_decode
 .text.do_sunxi_bmp_display
                0x000000004a00e3b0      0x1b4 common/built-in.o
 .text.sunxi_bmp_display
                0x000000004a00e564      0x134 common/built-in.o
                0x000000004a00e564                sunxi_bmp_display
 .text.do_sunxi_logo
                0x000000004a00e698        0xc common/built-in.o
                0x000000004a00e698                do_sunxi_logo
 .text.do_read_from_boot
                0x000000004a00e6a4        0x8 common/built-in.o
                0x000000004a00e6a4                do_read_from_boot
 .text.probe_usb_overtime
                0x000000004a00e6ac       0x30 common/built-in.o
 .text.do_burn_from_boot
                0x000000004a00e6dc      0x208 common/built-in.o
                0x000000004a00e6dc                do_burn_from_boot
 .text.env_attr_walk
                0x000000004a00e8e4      0x11c common/built-in.o
                0x000000004a00e8e4                env_attr_walk
 .text.env_attr_lookup
                0x000000004a00ea00      0x190 common/built-in.o
                0x000000004a00ea00                env_attr_lookup
 .text.clear_callback
                0x000000004a00eb90       0x10 common/built-in.o
 .text.on_callbacks
                0x000000004a00eba0       0x48 common/built-in.o
 .text.set_callback
                0x000000004a00ebe8       0xd8 common/built-in.o
 .text.env_callback_init
                0x000000004a00ecc0      0x114 common/built-in.o
                0x000000004a00ecc0                env_callback_init
 .text.clear_flags
                0x000000004a00edd4       0x10 common/built-in.o
 .text.on_flags
                0x000000004a00ede4       0x48 common/built-in.o
 .text.env_flags_parse_vartype
                0x000000004a00ee2c       0x50 common/built-in.o
                0x000000004a00ee2c                env_flags_parse_vartype
 .text.env_flags_parse_varaccess
                0x000000004a00ee7c       0x58 common/built-in.o
                0x000000004a00ee7c                env_flags_parse_varaccess
 .text.set_flags
                0x000000004a00eed4       0xac common/built-in.o
 .text.env_flags_init
                0x000000004a00ef80       0xd4 common/built-in.o
                0x000000004a00ef80                env_flags_init
 .text.env_flags_validate
                0x000000004a00f054      0x230 common/built-in.o
                0x000000004a00f054                env_flags_validate
 .text.env_init
                0x000000004a00f284       0x1c common/built-in.o
                0x000000004a00f284                env_init
 .text.saveenv  0x000000004a00f2a0      0x104 common/built-in.o
                0x000000004a00f2a0                saveenv
 .text.env_relocate_spec
                0x000000004a00f3a4       0xf4 common/built-in.o
                0x000000004a00f3a4                env_relocate_spec
 .text.source   0x000000004a00f498       0xe0 common/built-in.o
                0x000000004a00f498                source
 .text.do_source
                0x000000004a00f578       0x48 common/built-in.o
                0x000000004a00f578                do_source
 .text.do_echo  0x000000004a00f5c0       0xb0 common/built-in.o
 .text.load_elf_image_shdr
                0x000000004a00f670       0x8c common/built-in.o
 .text.do_bootelf_exec
                0x000000004a00f6fc       0x44 common/built-in.o
                0x000000004a00f6fc                do_bootelf_exec
 .text.valid_elf_image
                0x000000004a00f740       0x4c common/built-in.o
                0x000000004a00f740                valid_elf_image
 .text.do_bootvx
                0x000000004a00f78c      0x258 common/built-in.o
                0x000000004a00f78c                do_bootvx
 .text.do_bootelf
                0x000000004a00f9e4      0x164 common/built-in.o
                0x000000004a00f9e4                do_bootelf
 .text.do_exit  0x000000004a00fb48       0x34 common/built-in.o
 .text.do_ext4_ls
                0x000000004a00fb7c       0x14 common/built-in.o
                0x000000004a00fb7c                do_ext4_ls
 .text.do_ext4_load
                0x000000004a00fb90       0x14 common/built-in.o
                0x000000004a00fb90                do_ext4_load
 .text.do_fat_fswrite
                0x000000004a00fba4       0xf8 common/built-in.o
 .text.do_fat_fsinfo
                0x000000004a00fc9c       0x90 common/built-in.o
 .text.do_fat_ls
                0x000000004a00fd2c       0x14 common/built-in.o
 .text.do_fat_fsload
                0x000000004a00fd40       0x14 common/built-in.o
                0x000000004a00fd40                do_fat_fsload
 .text.fdt_valid
                0x000000004a00fd54       0xc8 common/built-in.o
 .text.is_printable_string
                0x000000004a00fe1c       0x90 common/built-in.o
 .text.print_data
                0x000000004a00feac      0x174 common/built-in.o
 .text.do_fdt_test
                0x000000004a010020      0x394 common/built-in.o
 .text.save_fdt_to_flash
                0x000000004a0103b4       0x40 common/built-in.o
                0x000000004a0103b4                save_fdt_to_flash
 .text.set_working_fdt_addr
                0x000000004a0103f4       0x1c common/built-in.o
                0x000000004a0103f4                set_working_fdt_addr
 .text.do_fdt   0x000000004a010410     0x1230 common/built-in.o
 .text.__fswab64
                0x000000004a011640       0x34 common/built-in.o
 .text.get_cells_len
                0x000000004a011674       0x3c common/built-in.o
 .text.fdt_setprop_u32
                0x000000004a0116b0       0x40 common/built-in.o
 .text.fdt_setprop_u64
                0x000000004a0116f0       0x40 common/built-in.o
 .text.fdt_find_or_add_subnode.constprop.6
                0x000000004a011730       0x6c common/built-in.o
 .text.fdt_getprop_u32
                0x000000004a01179c       0x8c common/built-in.o
                0x000000004a01179c                fdt_getprop_u32
 .text.fdt_getprop_u64
                0x000000004a011828       0x84 common/built-in.o
                0x000000004a011828                fdt_getprop_u64
 .text.fdt_getprop_string
                0x000000004a0118ac       0x2c common/built-in.o
                0x000000004a0118ac                fdt_getprop_string
 .text.fdt_find_and_setprop
                0x000000004a0118d8       0x70 common/built-in.o
                0x000000004a0118d8                fdt_find_and_setprop
 .text.fdt_initrd
                0x000000004a011948      0x1a8 common/built-in.o
                0x000000004a011948                fdt_initrd
 .text.fdt_chosen
                0x000000004a011af0       0xfc common/built-in.o
                0x000000004a011af0                fdt_chosen
 .text.do_fixup_by_path
                0x000000004a011bec       0x54 common/built-in.o
                0x000000004a011bec                do_fixup_by_path
 .text.fdt_fixup_memory_banks
                0x000000004a011c40      0x19c common/built-in.o
                0x000000004a011c40                fdt_fixup_memory_banks
 .text.fdt_fixup_memory
                0x000000004a011ddc       0x20 common/built-in.o
                0x000000004a011ddc                fdt_fixup_memory
 .text.fdt_fixup_ethernet
                0x000000004a011dfc      0x158 common/built-in.o
                0x000000004a011dfc                fdt_fixup_ethernet
 .text.fdt_resize
                0x000000004a011f54       0xd8 common/built-in.o
                0x000000004a011f54                fdt_resize
 .text.fdt_set_node_status
                0x000000004a01202c      0x10c common/built-in.o
                0x000000004a01202c                fdt_set_node_status
 .text.do_interrupts
                0x000000004a012138       0x40 common/built-in.o
 .text.do_memcpy_test
                0x000000004a012178       0x34 common/built-in.o
                0x000000004a012178                do_memcpy_test
 .text.do_mem_loop
                0x000000004a0121ac       0xfc common/built-in.o
 .text.do_mem_mw
                0x000000004a0122a8       0xc4 common/built-in.o
 .text.do_mem_base
                0x000000004a01236c       0x40 common/built-in.o
 .text.do_mem_cmp
                0x000000004a0123ac      0x16c common/built-in.o
 .text.do_mem_crc
                0x000000004a012518       0x48 common/built-in.o
 .text.do_mem_cp
                0x000000004a012560       0xd8 common/built-in.o
 .text.do_mem_md
                0x000000004a012638       0xec common/built-in.o
 .text.mod_mem.isra.2
                0x000000004a012724      0x178 common/built-in.o
 .text.do_mem_nm
                0x000000004a01289c        0x8 common/built-in.o
 .text.do_mem_mm
                0x000000004a0128a4        0x8 common/built-in.o
 .text.board_show_dram
                0x000000004a0128ac       0x2c common/built-in.o
                0x000000004a0128ac                board_show_dram
 .text.do_mem_info
                0x000000004a0128d8       0x14 common/built-in.o
 .text.init_mmc_device
                0x000000004a0128ec       0x50 common/built-in.o
 .text.do_mmc_rescan
                0x000000004a01293c       0x24 common/built-in.o
 .text.do_mmcinfo
                0x000000004a012960      0x16c common/built-in.o
 .text.do_mmcops
                0x000000004a012acc       0xbc common/built-in.o
 .text.do_mmc_list
                0x000000004a012b88       0x14 common/built-in.o
 .text.do_mmc_dev
                0x000000004a012b9c      0x134 common/built-in.o
 .text.do_mmc_part
                0x000000004a012cd0       0x5c common/built-in.o
 .text.do_mmc_erase
                0x000000004a012d2c       0xf0 common/built-in.o
 .text.do_mmc_write
                0x000000004a012e1c      0x108 common/built-in.o
 .text.do_mmc_read
                0x000000004a012f24       0xec common/built-in.o
 .text.do_mmc_setdsr
                0x000000004a013010       0xac common/built-in.o
 .text.do_false
                0x000000004a0130bc        0x8 common/built-in.o
 .text.do_true  0x000000004a0130c4        0x8 common/built-in.o
 .text.do_test  0x000000004a0130cc      0x354 common/built-in.o
 .text.do_fastboot
                0x000000004a013420       0x38 common/built-in.o
 .text.do_env_delete
                0x000000004a013458       0xa8 common/built-in.o
 .text.env_print
                0x000000004a013500       0xc8 common/built-in.o
 .text.do_env_print
                0x000000004a0135c8       0xc8 common/built-in.o
 .text.do_env   0x000000004a013690       0x5c common/built-in.o
 .text.do_env_import
                0x000000004a0136ec      0x27c common/built-in.o
 .text.do_env_default
                0x000000004a013968       0xb4 common/built-in.o
 .text.do_env_save
                0x000000004a013a1c       0x2c common/built-in.o
 .text._do_env_set.isra.1
                0x000000004a013a48      0x1d8 common/built-in.o
 .text.do_env_set
                0x000000004a013c20       0x1c common/built-in.o
 .text.setenv   0x000000004a013c3c       0x60 common/built-in.o
                0x000000004a013c3c                setenv
 .text.setenv_ulong
                0x000000004a013c9c       0x20 common/built-in.o
                0x000000004a013c9c                setenv_ulong
 .text.setenv_hex
                0x000000004a013cbc       0x34 common/built-in.o
                0x000000004a013cbc                setenv_hex
 .text.do_env_export
                0x000000004a013cf0      0x26c common/built-in.o
 .text.envmatch
                0x000000004a013f5c       0x6c common/built-in.o
                0x000000004a013f5c                envmatch
 .text.getenv_f
                0x000000004a013fc8       0xd0 common/built-in.o
                0x000000004a013fc8                getenv_f
 .text.getenv   0x000000004a014098       0x78 common/built-in.o
                0x000000004a014098                getenv
 .text.getenv_ulong
                0x000000004a014110       0x30 common/built-in.o
                0x000000004a014110                getenv_ulong
 .text.getenv_hex
                0x000000004a014140       0x34 common/built-in.o
                0x000000004a014140                getenv_hex
 .text.__env_get_char_spec
                0x000000004a014174        0xc common/built-in.o
                0x000000004a014174                env_get_char_spec
 .text.env_get_addr
                0x000000004a014180       0x20 common/built-in.o
                0x000000004a014180                env_get_addr
 .text.env_get_char_memory
                0x000000004a0141a0       0x10 common/built-in.o
                0x000000004a0141a0                env_get_char_memory
 .text.env_get_char
                0x000000004a0141b0       0x30 common/built-in.o
                0x000000004a0141b0                env_get_char
 .text.getenv_yesno
                0x000000004a0141e0       0x50 common/built-in.o
                0x000000004a0141e0                getenv_yesno
 .text.getenv_default
                0x000000004a014230       0x30 common/built-in.o
                0x000000004a014230                getenv_default
 .text.set_default_env
                0x000000004a014260       0xb8 common/built-in.o
                0x000000004a014260                set_default_env
 .text.set_default_vars
                0x000000004a014318       0x34 common/built-in.o
                0x000000004a014318                set_default_vars
 .text.env_import
                0x000000004a01434c       0xdc common/built-in.o
                0x000000004a01434c                env_import
 .text.env_export
                0x000000004a014428       0xa4 common/built-in.o
                0x000000004a014428                env_export
 .text.env_relocate
                0x000000004a0144cc       0x30 common/built-in.o
                0x000000004a0144cc                env_relocate
 .text.env_complete
                0x000000004a0144fc       0xd4 common/built-in.o
                0x000000004a0144fc                env_complete
 .text.console_setfile
                0x000000004a0145d0       0xa0 common/built-in.o
 .text.fputs    0x000000004a014670       0x28 common/built-in.o
                0x000000004a014670                fputs
 .text.fprintf  0x000000004a014698       0x48 common/built-in.o
                0x000000004a014698                fprintf
 .text.getc     0x000000004a0146e0       0x3c common/built-in.o
                0x000000004a0146e0                getc
 .text.tstc     0x000000004a01471c       0x3c common/built-in.o
                0x000000004a01471c                tstc
 .text.putc     0x000000004a014758       0x3c common/built-in.o
                0x000000004a014758                putc
 .text.puts     0x000000004a014794       0x3c common/built-in.o
                0x000000004a014794                puts
 .text.printf   0x000000004a0147d0       0x58 common/built-in.o
                0x000000004a0147d0                printf
 .text.tick_printf
                0x000000004a014828       0x94 common/built-in.o
                0x000000004a014828                tick_printf
 .text.sunxi_tick_printf
                0x000000004a0148bc       0x88 common/built-in.o
                0x000000004a0148bc                sunxi_tick_printf
 .text.vprintf  0x000000004a014944       0x40 common/built-in.o
                0x000000004a014944                vprintf
 .text.ctrlc    0x000000004a014984       0x58 common/built-in.o
                0x000000004a014984                ctrlc
 .text.disable_ctrlc
                0x000000004a0149dc       0x18 common/built-in.o
                0x000000004a0149dc                disable_ctrlc
 .text.had_ctrlc
                0x000000004a0149f4       0x10 common/built-in.o
                0x000000004a0149f4                had_ctrlc
 .text.clear_ctrlc
                0x000000004a014a04       0x14 common/built-in.o
                0x000000004a014a04                clear_ctrlc
 .text.search_device
                0x000000004a014a18       0x28 common/built-in.o
                0x000000004a014a18                search_device
 .text.console_assign
                0x000000004a014a40       0x48 common/built-in.o
                0x000000004a014a40                console_assign
 .text.on_console
                0x000000004a014a88       0xc4 common/built-in.o
 .text.console_init_f
                0x000000004a014b4c       0x10 common/built-in.o
                0x000000004a014b4c                console_init_f
 .text.stdio_print_current_devices
                0x000000004a014b5c       0xb8 common/built-in.o
                0x000000004a014b5c                stdio_print_current_devices
 .text.console_init_r
                0x000000004a014c14       0xd4 common/built-in.o
                0x000000004a014c14                console_init_r
 .text.sbrk     0x000000004a014ce8       0x70 common/built-in.o
                0x000000004a014ce8                sbrk
 .text.mem_malloc_init
                0x000000004a014d58       0x34 common/built-in.o
                0x000000004a014d58                mem_malloc_init
 .text.malloc_trim
                0x000000004a014d8c       0xcc common/built-in.o
                0x000000004a014d8c                malloc_trim
 .text.free     0x000000004a014e58      0x238 common/built-in.o
                0x000000004a014e58                free
 .text.malloc   0x000000004a015090      0x604 common/built-in.o
                0x000000004a015090                malloc
 .text.calloc   0x000000004a015694       0xd8 common/built-in.o
                0x000000004a015694                calloc
 .text.memalign
                0x000000004a01576c      0x10c common/built-in.o
                0x000000004a01576c                memalign
 .text.realloc  0x000000004a015878      0x4bc common/built-in.o
                0x000000004a015878                realloc
 .text.image_get_magic
                0x000000004a015d34        0x8 common/built-in.o
 .text.on_loadaddr
                0x000000004a015d3c       0x38 common/built-in.o
 .text.image_check_hcrc
                0x000000004a015d74       0x50 common/built-in.o
                0x000000004a015d74                image_check_hcrc
 .text.image_check_dcrc
                0x000000004a015dc4       0x3c common/built-in.o
                0x000000004a015dc4                image_check_dcrc
 .text.image_multi_count
                0x000000004a015e00       0x20 common/built-in.o
                0x000000004a015e00                image_multi_count
 .text.image_multi_getimg
                0x000000004a015e20       0x88 common/built-in.o
                0x000000004a015e20                image_multi_getimg
 .text.getenv_bootm_low
                0x000000004a015ea8       0x30 common/built-in.o
                0x000000004a015ea8                getenv_bootm_low
 .text.getenv_bootm_size
                0x000000004a015ed8       0x60 common/built-in.o
                0x000000004a015ed8                getenv_bootm_size
 .text.getenv_bootm_mapsize
                0x000000004a015f38       0x30 common/built-in.o
                0x000000004a015f38                getenv_bootm_mapsize
 .text.memmove_wd
                0x000000004a015f68        0xc common/built-in.o
                0x000000004a015f68                memmove_wd
 .text.genimg_print_size
                0x000000004a015f74       0x30 common/built-in.o
                0x000000004a015f74                genimg_print_size
 .text.get_table_entry_name
                0x000000004a015fa4       0x2c common/built-in.o
                0x000000004a015fa4                get_table_entry_name
 .text.genimg_get_os_name
                0x000000004a015fd0       0x18 common/built-in.o
                0x000000004a015fd0                genimg_get_os_name
 .text.genimg_get_arch_name
                0x000000004a015fe8       0x18 common/built-in.o
                0x000000004a015fe8                genimg_get_arch_name
 .text.genimg_get_type_name
                0x000000004a016000       0x18 common/built-in.o
                0x000000004a016000                genimg_get_type_name
 .text.genimg_get_comp_name
                0x000000004a016018       0x18 common/built-in.o
                0x000000004a016018                genimg_get_comp_name
 .text.image_print_contents
                0x000000004a016030      0x178 common/built-in.o
                0x000000004a016030                image_print_contents
 .text.genimg_get_format
                0x000000004a0161a8       0x54 common/built-in.o
                0x000000004a0161a8                genimg_get_format
 .text.genimg_get_image
                0x000000004a0161fc        0x4 common/built-in.o
                0x000000004a0161fc                genimg_get_image
 .text.genimg_has_config
                0x000000004a016200        0x8 common/built-in.o
                0x000000004a016200                genimg_has_config
 .text.boot_get_ramdisk
                0x000000004a016208      0x294 common/built-in.o
                0x000000004a016208                boot_get_ramdisk
 .text.boot_ramdisk_high
                0x000000004a01649c      0x140 common/built-in.o
                0x000000004a01649c                boot_ramdisk_high
 .text.boot_get_cmdline
                0x000000004a0165dc       0x80 common/built-in.o
                0x000000004a0165dc                boot_get_cmdline
 .text.image_setup_linux
                0x000000004a01665c       0xb4 common/built-in.o
                0x000000004a01665c                image_setup_linux
 .text.android_image_get_kernel
                0x000000004a016710      0x108 common/built-in.o
                0x000000004a016710                android_image_get_kernel
 .text.android_image_check_header
                0x000000004a016818       0x14 common/built-in.o
                0x000000004a016818                android_image_check_header
 .text.android_image_get_end
                0x000000004a01682c       0x48 common/built-in.o
                0x000000004a01682c                android_image_get_end
 .text.android_image_get_kload
                0x000000004a016874        0x8 common/built-in.o
                0x000000004a016874                android_image_get_kload
 .text.android_image_get_ramdisk
                0x000000004a01687c       0x48 common/built-in.o
                0x000000004a01687c                android_image_get_ramdisk
 .text.fdt_error
                0x000000004a0168c4       0x2c common/built-in.o
 .text.fdt_set_totalsize
                0x000000004a0168f0       0x18 common/built-in.o
 .text.boot_fdt_add_mem_rsv_regions
                0x000000004a016908       0x88 common/built-in.o
                0x000000004a016908                boot_fdt_add_mem_rsv_regions
 .text.boot_relocate_fdt
                0x000000004a016990      0x198 common/built-in.o
                0x000000004a016990                boot_relocate_fdt
 .text.boot_get_fdt
                0x000000004a016b28      0x27c common/built-in.o
                0x000000004a016b28                boot_get_fdt
 .text.ft_verify_fdt
                0x000000004a016da4        0x8 common/built-in.o
                0x000000004a016da4                ft_verify_fdt
 .text.image_setup_libfdt
                0x000000004a016dac       0xdc common/built-in.o
                0x000000004a016dac                image_setup_libfdt
 .text.get_ram_size
                0x000000004a016e88      0x104 common/built-in.o
                0x000000004a016e88                get_ram_size
 .text.get_effective_memsize
                0x000000004a016f8c        0x8 common/built-in.o
                0x000000004a016f8c                get_effective_memsize
 .text.stdio_get_list
                0x000000004a016f94        0xc common/built-in.o
                0x000000004a016f94                stdio_get_list
 .text.stdio_get_by_name
                0x000000004a016fa0       0x50 common/built-in.o
                0x000000004a016fa0                stdio_get_by_name
 .text.stdio_clone
                0x000000004a016ff0       0x3c common/built-in.o
                0x000000004a016ff0                stdio_clone
 .text.stdio_register
                0x000000004a01702c       0x44 common/built-in.o
                0x000000004a01702c                stdio_register
 .text.stdio_init
                0x000000004a017070       0x8c common/built-in.o
                0x000000004a017070                stdio_init
 .text.mem_noncache_malloc_init
                0x000000004a0170fc       0x30 common/built-in.o
                0x000000004a0170fc                mem_noncache_malloc_init
 .text.do_sunxi_smc
                0x000000004a01712c      0x140 common/built-in.o
                0x000000004a01712c                do_sunxi_smc
 .text.get_dev_hwpart
                0x000000004a01726c       0xac disk/built-in.o
                0x000000004a01726c                get_dev_hwpart
 .text.dev_print
                0x000000004a017318      0x21c disk/built-in.o
                0x000000004a017318                dev_print
 .text.init_part
                0x000000004a017534       0x20 disk/built-in.o
                0x000000004a017534                init_part
 .text.print_part
                0x000000004a017554       0xf8 disk/built-in.o
                0x000000004a017554                print_part
 .text.get_partition_info
                0x000000004a01764c       0x2c disk/built-in.o
                0x000000004a01764c                get_partition_info
 .text.get_device
                0x000000004a017678      0x114 disk/built-in.o
                0x000000004a017678                get_device
 .text.get_device_and_partition
                0x000000004a01778c      0x448 disk/built-in.o
                0x000000004a01778c                get_device_and_partition
 .text.le32_to_int
                0x000000004a017bd4       0x24 disk/built-in.o
 .text.is_extended
                0x000000004a017bf8       0x24 disk/built-in.o
 .text.test_block_type
                0x000000004a017c1c       0x7c disk/built-in.o
 .text.print_partition_extended
                0x000000004a017c98      0x21c disk/built-in.o
 .text.get_partition_info_extended.constprop.2
                0x000000004a017eb4      0x2b0 disk/built-in.o
 .text.test_part_dos
                0x000000004a018164       0x64 disk/built-in.o
                0x000000004a018164                test_part_dos
 .text.print_part_dos
                0x000000004a0181c8       0x30 disk/built-in.o
                0x000000004a0181c8                print_part_dos
 .text.get_partition_info_dos
                0x000000004a0181f8       0x1c disk/built-in.o
                0x000000004a0181f8                get_partition_info_dos
 .text.drv_lcd_open_callback
                0x000000004a018214       0x8c drivers/built-in.o
 .text.disp_blank
                0x000000004a0182a0       0x60 drivers/built-in.o
 .text.disp_getprop_regbase
                0x000000004a018300       0xcc drivers/built-in.o
                0x000000004a018300                disp_getprop_regbase
 .text.disp_getprop_irq
                0x000000004a0183cc       0xd4 drivers/built-in.o
                0x000000004a0183cc                disp_getprop_irq
 .text.disp_set_hdmi_func
                0x000000004a0184a0        0x4 drivers/built-in.o
                0x000000004a0184a0                disp_set_hdmi_func
 .text.drv_disp_init
                0x000000004a0184a4      0x464 drivers/built-in.o
                0x000000004a0184a4                drv_disp_init
 .text.drv_disp_exit
                0x000000004a018908       0x48 drivers/built-in.o
                0x000000004a018908                drv_disp_exit
 .text.sunxi_disp_get_source_ops
                0x000000004a018950       0xd4 drivers/built-in.o
                0x000000004a018950                sunxi_disp_get_source_ops
 .text.disp_ioctl
                0x000000004a018a24      0x7c4 drivers/built-in.o
                0x000000004a018a24                disp_ioctl
 .text.disp_sys_register_irq
                0x000000004a0191e8       0x18 drivers/built-in.o
                0x000000004a0191e8                disp_sys_register_irq
 .text.disp_sys_unregister_irq
                0x000000004a019200        0x4 drivers/built-in.o
                0x000000004a019200                disp_sys_unregister_irq
 .text.disp_sys_enable_irq
                0x000000004a019204        0x4 drivers/built-in.o
                0x000000004a019204                disp_sys_enable_irq
 .text.disp_sys_disable_irq
                0x000000004a019208        0x4 drivers/built-in.o
                0x000000004a019208                disp_sys_disable_irq
 .text.spin_lock_init
                0x000000004a01920c        0x4 drivers/built-in.o
                0x000000004a01920c                spin_lock_init
 .text.mutex_init
                0x000000004a019210        0x4 drivers/built-in.o
                0x000000004a019210                mutex_init
 .text.mutex_lock
                0x000000004a019214        0x4 drivers/built-in.o
                0x000000004a019214                mutex_lock
 .text.mutex_unlock
                0x000000004a019218        0x4 drivers/built-in.o
                0x000000004a019218                mutex_unlock
 .text.tasklet_init
                0x000000004a01921c       0x2c drivers/built-in.o
                0x000000004a01921c                tasklet_init
 .text.tasklet_schedule
                0x000000004a019248       0x2c drivers/built-in.o
                0x000000004a019248                tasklet_schedule
 .text.kmalloc  0x000000004a019274       0x28 drivers/built-in.o
                0x000000004a019274                kmalloc
 .text.kfree    0x000000004a01929c        0x4 drivers/built-in.o
                0x000000004a01929c                kfree
 .text.disp_fdt_init
                0x000000004a0192a0       0x54 drivers/built-in.o
                0x000000004a0192a0                disp_fdt_init
 .text.disp_fdt_nodeoffset
                0x000000004a0192f4       0x54 drivers/built-in.o
                0x000000004a0192f4                disp_fdt_nodeoffset
 .text.disp_sys_script_get_item
                0x000000004a019348      0x11c drivers/built-in.o
                0x000000004a019348                disp_sys_script_get_item
 .text.disp_sys_gpio_request
                0x000000004a019464       0x40 drivers/built-in.o
                0x000000004a019464                disp_sys_gpio_request
 .text.disp_sys_gpio_request_simple
                0x000000004a0194a4        0x8 drivers/built-in.o
                0x000000004a0194a4                disp_sys_gpio_request_simple
 .text.disp_sys_gpio_release
                0x000000004a0194ac       0x1c drivers/built-in.o
                0x000000004a0194ac                disp_sys_gpio_release
 .text.disp_sys_gpio_set_direction
                0x000000004a0194c8        0x4 drivers/built-in.o
                0x000000004a0194c8                disp_sys_gpio_set_direction
 .text.disp_sys_gpio_set_value
                0x000000004a0194cc        0x4 drivers/built-in.o
                0x000000004a0194cc                disp_sys_gpio_set_value
 .text.disp_sys_pin_set_state
                0x000000004a0194d0       0xa8 drivers/built-in.o
                0x000000004a0194d0                disp_sys_pin_set_state
 .text.disp_sys_power_enable
                0x000000004a019578       0x3c drivers/built-in.o
                0x000000004a019578                disp_sys_power_enable
 .text.disp_sys_power_disable
                0x000000004a0195b4       0x2c drivers/built-in.o
                0x000000004a0195b4                disp_sys_power_disable
 .text.disp_sys_pwm_request
                0x000000004a0195e0       0x1c drivers/built-in.o
                0x000000004a0195e0                disp_sys_pwm_request
 .text.disp_sys_pwm_enable
                0x000000004a0195fc        0x8 drivers/built-in.o
                0x000000004a0195fc                disp_sys_pwm_enable
 .text.disp_sys_pwm_disable
                0x000000004a019604       0x14 drivers/built-in.o
                0x000000004a019604                disp_sys_pwm_disable
 .text.disp_sys_pwm_config
                0x000000004a019618        0x8 drivers/built-in.o